### 木曜日

お仕事。
メモを残し続けるんだ！
grep でキーワードを引っ掛けるんだ！
２度目の失敗をしないよう、次の自分の助けとなるよう、
メモを残し続けるんだ！

---


```
toyama@blue:~$ sudo smartctl --all /dev/nvme0
smartctl 7.4 2023-08-01 r5530 [x86_64-linux-6.17.0-20-generic] (local build)
Copyright (C) 2002-23, Bruce Allen, Christian Franke, www.smartmontools.org

=== START OF INFORMATION SECTION ===
Model Number:                       TWSC TSC3AN512-F2T60S
（省略）

=== START OF SMART DATA SECTION ===
SMART overall-health self-assessment test result: PASSED

SMART/Health Information (NVMe Log 0x02)
Critical Warning:                   0x00
Temperature:                        42 Celsius
Available Spare:                    100%
Available Spare Threshold:          1%
Percentage Used:                    0%
Data Units Read:                    202,278 [103 GB]
Data Units Written:                 626,476 [320 GB]
Host Read Commands:                 2,617,313
Host Write Commands:                10,850,787
Controller Busy Time:               10
Power Cycles:                       58
Power On Hours:                     3,950
Unsafe Shutdowns:                   6
Media and Data Integrity Errors:    0
Error Information Log Entries:      0
Warning  Comp. Temperature Time:    0
Critical Comp. Temperature Time:    0
Temperature Sensor 1:               42 Celsius
Temperature Sensor 2:               46 Celsius
Thermal Temp. 1 Transition Count:   9740
Thermal Temp. 2 Transition Count:   7
Thermal Temp. 1 Total Time:         611
Thermal Temp. 2 Total Time:         7

Error Information (NVMe Log 0x01, 16 of 64 entries)
No Errors Logged

Self-test Log (NVMe Log 0x06)
Self-test status: No self-test in progress
No Self-tests Logged
```

`Power On Hours` が `3,950`、つまり164日ほど。
これは何の時間なんだろ。
Linux サーバの初ブートが[去年の9月27日](https://toasa.github.io/diary/2025/09/27.html)で208日前。
サーバの uptime は 35日。
うーん、わからん。
サーバの電源が落ちていた時間はカウントされず、
電源が入っていた時間の累積なのかな。